// Jest Snapshot v1, https://goo.gl/fbAQLP

exports[`renders a snapshot 1`] = `
<ReactCleanModal
  closeOnOverlayClick={true}
  isVisible={true}
>
  <Portal
    containerInfo={
      <body>
        <div
          class="modal-overlay   "
          id="modal-root"
        >
          <div
            aria-modal="true"
            class="modal modal-container   "
            role="dialog"
          >
            
            
          </div>
        </div>
      </body>
    }
  >
    <div
      className="modal-overlay   "
      id="modal-root"
      onClick={[Function]}
    >
      <div
        aria-modal="true"
        className="modal modal-container   "
        onClick={[Function]}
        role="dialog"
      />
    </div>
  </Portal>
</ReactCleanModal>
`;
